<?xml version="1.0" encoding="utf-8"?><testsuites><testsuite name="pytest" errors="0" failures="0" skipped="0" tests="1" time="0.036" timestamp="2023-06-14T11:31:23.847455" hostname="ZUEN06337"><testcase classname="hello-world.test_app" name="test_print_message" time="0.001" /></testsuite></testsuites>